>>> add_integer = __import__("0-add_integer").add_integer

function that adds two integers

>>> add_integer(1, 2)
3

>>> add_integer(2.5, 1.5)
3

>>> add_integer(100, -2)
98

>>> add_integer(-5, -10)
-15

>>> add_integer(2)
100

>>> add_integer(100.3, -2)
98

>>> add_integer(999999.999, -1.15)
999998

>>> add_integer(4, "School")
Traceback (most recent call last):
    ...
TypeError: b must be an integer

>>> add_integer(None)
Traceback (most recent call last):
    ...
TypeError: a must be an integer
