>>> text_indentation = __import__('5-text_indentation').text_indentation

Function that print a text

>>> text_indentation("1,234.56?78:9")
1,234.
<BLANKLINE>
56?
<BLANKLINE>
78:
<BLANKLINE>
9

>>> text_indentation("")


>>> text_indentation(12)
Traceback (most recent call last):
TypeError: text must be a string

>>> text_indentation(None)
Traceback (most recent call last):
TypeError: text must be a string
